// Jest Snapshot v1, https://goo.gl/fbAQLP

exports[`program dl.html 1`] = `"Hello, world!"`;

exports[`program fizzbuzz.html 1`] = `
"1
2
Fizz
4
Buzz
Fizz
7
8
Fizz
Buzz
11
Fizz
13
14
FizzBuzz
16
17
Fizz
19
Buzz
Fizz
22
23
Fizz
Buzz
26
Fizz
28
29
FizzBuzz
31
32
Fizz
34
Buzz
Fizz
37
38
Fizz
Buzz
41
Fizz
43
44
FizzBuzz
46
47
Fizz
49
Buzz
Fizz
52
53
Fizz
Buzz
56
Fizz
58
59
FizzBuzz
61
62
Fizz
64
Buzz
Fizz
67
68
Fizz
Buzz
71
Fizz
73
74
FizzBuzz
76
77
Fizz
79
Buzz
Fizz
82
83
Fizz
Buzz
86
Fizz
88
89
FizzBuzz
91
92
Fizz
94
Buzz
Fizz
97
98
Fizz
Buzz
"
`;

exports[`program func-no-arg-no-return-value.html 1`] = `"hello, world!"`;

exports[`program func-no-arg-return-value.html 1`] = `"hello, world!"`;

exports[`program func-one-arg-return-value.html 1`] = `"Hello, world!"`;

exports[`program func-two-args.html 1`] = `"hello, world!"`;

exports[`program hello_br_world.html 1`] = `
"Hello,
world!"
`;

exports[`program helloworld.html 1`] = `"Hello, world!"`;

exports[`program input-from-var.html 1`] = `"1368"`;

exports[`program input-reverse.html 1`] = `"hello, world!"`;

exports[`program math-many.html 1`] = `
"minus
8
times
30
divide
9
rem
1
gcd
6
min
-5
max
10
"
`;

exports[`program math-many2.html 1`] = `
"eq
1
0
neq
1
0
lt
1
0
gt
1
0
leq
1
0
geq
1
0
"
`;

exports[`program math-many3.html 1`] = `
"and
1
0
or
1
0
xor
1
0
implies
1
0
"
`;

exports[`program math-plus.html 1`] = `"6"`;

exports[`program ruby.html 1`] = `
"*
**
***
****
*****
"
`;

exports[`program var-and-a-func.html 1`] = `"Hello, world!"`;
